// Jest Snapshot v1, https://goo.gl/fbAQLP

exports[`JoinPage component renders the complete form 1`] = `
<Section
  className="RegistrationPage"
>
  <h2
    className="register_header"
  >
    Register
  </h2>
  <Join
    onRegistrationSuccess={[Function]}
  />
</Section>
`;
