// Jest Snapshot v1, https://goo.gl/fbAQLP

exports[`NewIdeaForm component renders the complete form 1`] = `
<div
  className="insertIdea"
>
  <h3>
    You're entering a new idea
  </h3>
  <form
    className="ideaForm"
    onSubmit={[Function]}
  >
    <div
      className="ideaName"
    >
      <label
        htmlFor="name"
      >
        New idea's name:
      </label>
      <Required />
      <Input
        id="name"
        maxLength="30"
        name="name"
        required={true}
        type="text"
      />
    </div>
    <div
      className="content"
    >
      <Required />
      <Textarea
        aria-label="Type a short description..."
        cols="30"
        id="content"
        maxLength="240"
        name="content"
        placeholder="Type a short description..."
        required={true}
        rows="3"
      />
    </div>
    <label
      htmlFor="list"
    >
      Add to which list?
    </label>
    <Required />
    <select
      id="list"
      name="list"
      required={true}
    >
      <option
        value={null}
      >
        ...
      </option>
    </select>
    <Button
      type="submit"
    >
      Add Idea
    </Button>
  </form>
</div>
`;

exports[`NewIdeaForm component renders the select options from lists 1`] = `
<select
  id="list"
  name="list"
  required={true}
>
  <option
    value={null}
  >
    ...
  </option>
</select>
`;
